Error type A at Line 18: Unknown characters ''v50''
